################################################################################
#                                                                              #
#      IAR Universal Linker V5.2.3.14                                          #
#                                                                              #
#           Link time     =  24/Nov/2011  11:33:03                             #
#           Target CPU    =  A90                                               #
#           List file     =  D:\Devel\git\optimize-with-int-calculations-for-m #
#                            icrocontroller\iar\Debug\List\test.map            #
#           Output file 1 =  D:\Devel\git\optimize-with-int-calculations-for-m #
#                            icrocontroller\iar\Debug\Exe\test.hex             #
#                            Format: intel-extended                            #
#           Output file 2 =  D:\Devel\git\optimize-with-int-calculations-for-m #
#                            icrocontroller\iar\Debug\Exe\test.dbg             #
#                            Format: ubrof8                                    #
#                            UBROF version 8.0.2                               #
#           Command line  =  D:\Devel\git\optimize-with-int-calculations-for-m #
#                            icrocontroller\iar\Debug\Obj\registerTest.r90     #
#                            D:\Devel\git\optimize-with-int-calculations-for-m #
#                            icrocontroller\iar\Debug\Obj\test.r90             #
#                            -o                                                #
#                            D:\Devel\git\optimize-with-int-calculations-for-m #
#                            icrocontroller\iar\Debug\Exe\test.dbg             #
#                            -Fubrof8 -l                                       #
#                            D:\Devel\git\optimize-with-int-calculations-for-m #
#                            icrocontroller\iar\Debug\List\test.map            #
#                            -xms                                              #
#                            "-IC:\Programme\IAR Systems\Embedded Workbench 6. #
#                            0\avr\LIB\"                                       #
#                            -f                                                #
#                            "C:\Programme\IAR Systems\Embedded Workbench 6.0\ #
#                            avr\src\template\cfgm128.xcl"                     #
#                            (-D_..X_INTVEC_SIZE=8C -D_..X_FLASH_NEND=FFFF     #
#                            -D_..X_FLASH_END=1FFFF -D_..X_SRAM_BASE=100       #
#                            -D_..X_SRAM_TBASE=0 -D_..X_SRAM_TSIZE=0           #
#                            -D_..X_SRAM_END=10FF -D_..X_EEPROM_END=FFF        #
#                            -D_..X_EEPROM_START=0) -D_..X_HEAP_SIZE=10        #
#                            -D_..X_TINY_HEAP_SIZE=0 -D_..X_NEAR_HEAP_SIZE=0   #
#                            -D_..X_FAR_HEAP_SIZE=0 -D_..X_HUGE_HEAP_SIZE=0    #
#                            -D_..X_CSTACK_SIZE=20 -D_..X_RSTACK_SIZE=20       #
#                            -D_..X_FLASH_CODE_END=1FFFF -f                    #
#                            "C:\Programme\IAR Systems\Embedded Workbench 6.0\ #
#                            avr\src\template\cfg3soim.xcl"                    #
#                            (-ca90 -w29                                       #
#                            -Z(CODE)INTVEC=0-(_..X_INTVEC_SIZE-1)             #
#                            -Z(CODE)TINY_F=_..X_FLASH_BASE-FF                 #
#                            -Z(CODE)NEAR_F=_..X_FLASH_BASE-_..X_FLASH_NEND    #
#                            -Z(CODE)SWITCH=_..X_FLASH_BASE-_..X_FLASH_NEND    #
#                            -Z(CODE)DIFUNCT=_..X_FLASH_BASE-_..X_FLASH_NEND   #
#                            -Z(CODE)CODE=_..X_FLASH_BASE-_..X_FLASH_END       #
#                            -P(CODE)FAR_F=[_..X_FLASH_BASE-_..X_FLASH_END]/10 #
#                            000                                               #
#                            -Z(CODE)INITTAB=_..X_FLASH_BASE-_..X_FLASH_END    #
#                            -Z(CODE)HUGE_F=_..X_FLASH_BASE-_..X_FLASH_END     #
#                            -Z(CODE)TINY_ID=_..X_FLASH_BASE-_..X_FLASH_END    #
#                            -Z(CODE)NEAR_ID=_..X_FLASH_BASE-_..X_FLASH_END    #
#                            -Z(CODE)CHECKSUM#_..X_FLASH_END                   #
#                            -Z(DATA)TINY_I,TINY_Z,TINY_N=_..X_SRAM_TBASE:+_.. #
#                            X_SRAM_TSIZE                                      #
#                            -Z(DATA)CSTACK+_..X_CSTACK_SIZE=_..X_CSTACK_BASE- #
#                            _..X_CSTACK_END                                   #
#                            -Z(DATA)HEAP+_..X_HEAP_SIZE=_..X_SRAM_BASE-_..X_S #
#                            RAM_END                                           #
#                            -Z(DATA)IOSTREAM_N#_..X_SRAM_BASE-_..X_SRAM_END   #
#                            -Z(DATA)NEAR_HEAP+_..X_NEAR_HEAP_SIZE=_..X_SRAM_B #
#                            ASE-_..X_SRAM_END                                 #
#                            -Z(DATA)RSTACK+_..X_RSTACK_SIZE=_..X_RSTACK_BASE- #
#                            _..X_RSTACK_END                                   #
#                            -Z(DATA)NEAR_I,NEAR_Z,NEAR_N=_..X_SRAM_BASE-_..X_ #
#                            SRAM_END                                          #
#                            -Z(XDATA)EEPROM_I,EEPROM_N=_..X_EEPROM_START-_..X #
#                            _EEPROM_END)                                      #
#                            -D_..X_FLASH_BASE=_..X_INTVEC_SIZE -H1895         #
#                            -h(CODE)0-(_..X_INTVEC_SIZE-1)                    #
#                            -D_..X_EXT_SRAM_BASE=_..X_SRAM_END                #
#                            -D_..X_EXT_SRAM_SIZE=0                            #
#                            -D_..X_EXT_ROM_BASE=_..X_SRAM_END                 #
#                            -D_..X_EXT_ROM_SIZE=0                             #
#                            -D_..X_EXT_NV_BASE=_..X_SRAM_END                  #
#                            -D_..X_EXT_NV_SIZE=0                              #
#                            -D_..X_CSTACK_BASE=_..X_SRAM_BASE                 #
#                            -D_..X_CSTACK_END=_..X_SRAM_END                   #
#                            -D_..X_RSTACK_BASE=_..X_SRAM_BASE                 #
#                            -D_..X_RSTACK_END=_..X_SRAM_END                   #
#                            -Ointel-extended=D:\Devel\git\optimize-with-int-c #
#                            alculations-for-microcontroller\iar\Debug\Exe\tes #
#                            t.hex                                             #
#                            -s __program_start                                #
#                            "C:\Programme\IAR Systems\Embedded Workbench 6.0\ #
#                            avr\LIB\CLIB\cl3s-ec_mul.r90"                     #
#                            -e_large_write=_formatted_write                   #
#                            -e_large_read=_formatted_read                     #
#                                                                              #
#                           Copyright (C) 1987-2011 IAR Systems AB.            #
################################################################################





                ****************************************
                *                                      *
                *           CROSS REFERENCE            *
                *                                      *
                ****************************************

       Program entry at : CODE      00000000  Relocatable, from module : ?RESET




                ****************************************
                *                                      *
                *            RUNTIME MODEL             *
                *                                      *
                ****************************************

  R10             = REG
  R11             = REG
  R4              = REG
  R5              = REG
  R6              = REG
  R7              = REG
  R8              = REG
  R9              = REG
  __64bit_doubles = disabled
  __SystemLibrary = CLib
  __cpu           = 3
  __cpu_name      = ATmega128
  __enhanced_core = enabled
  __has_elpm      = true
  __memory_model  = 2
  __no_rampd      = enabled
  __rt_version    = 3
  __tiny_avr      = false

                ****************************************
                *                                      *
                *    AUTOMATIC SYMBOL REDIRECTIONS     *
                *                                      *
                ****************************************

                  There are no automatic symbol redirections.



                ****************************************
                *                                      *
                *              MODULE MAP              *
                *                                      *
                ****************************************


  DEFINED ABSOLUTE ENTRIES
  PROGRAM MODULE, NAME : ?ABS_ENTRY_MOD

Absolute parts
           ENTRY                   ADDRESS         REF BY
           =====                   =======         ======
           _..X_RSTACK_END         000010FF 
           _..X_RSTACK_BASE        00000100 
           _..X_CSTACK_END         000010FF 
           _..X_CSTACK_BASE        00000100 
           _..X_EXT_NV_SIZE        00000000 
           _..X_EXT_NV_BASE        000010FF 
           _..X_EXT_ROM_SIZE       00000000 
           _..X_EXT_ROM_BASE       000010FF 
           _..X_EXT_SRAM_SIZE      00000000 
           _..X_EXT_SRAM_BASE      000010FF 
           _..X_FLASH_BASE         0000008C 
           _..X_FLASH_CODE_END     0001FFFF 
           _..X_RSTACK_SIZE        00000020 
           _..X_CSTACK_SIZE        00000020 
           _..X_HUGE_HEAP_SIZE     00000000 
           _..X_FAR_HEAP_SIZE      00000000 
           _..X_NEAR_HEAP_SIZE     00000000 
           _..X_TINY_HEAP_SIZE     00000000 
           _..X_HEAP_SIZE          00000010 
           _..X_EEPROM_START       00000000 
           _..X_EEPROM_END         00000FFF 
           _..X_SRAM_END           000010FF 
           _..X_SRAM_TSIZE         00000000 
           _..X_SRAM_TBASE         00000000 
           _..X_SRAM_BASE          00000100 
           _..X_FLASH_END          0001FFFF 
           _..X_FLASH_NEND         0000FFFF 
           _..X_INTVEC_SIZE        0000008C 
    *************************************************************************

  FILE NAME : D:\Devel\git\optimize-with-int-calculations-for-microcontroller\iar\Debug\Obj\registerTest.r90
  PROGRAM MODULE, NAME : registerTest

  SEGMENTS IN THE MODULE
  ======================
CODE
  Relative segment, address: CODE 00000110 - 00000307 (0x1f8 bytes), align: 1
  Segment part 0. ROOT.
           ENTRY                   ADDRESS         REF BY
           =====                   =======         ======
           chg_registers           00000110        main (test)
           LOCAL                   ADDRESS         
           =====                   =======         
           checkAllRegisters       00000282 
           regError                00000304 

    *************************************************************************

  FILE NAME : D:\Devel\git\optimize-with-int-calculations-for-microcontroller\iar\Debug\Obj\test.r90
  PROGRAM MODULE, NAME : test

  SEGMENTS IN THE MODULE
  ======================
ABSOLUTE
  Relative segment, address: DATA 0000004C - 0000004D (0x2 bytes), align: 0
  Segment part 1. ROOT.       Intra module refs:   print_execute_time
           ENTRY                   ADDRESS         REF BY
           =====                   =======         ======
           _A_TCNT1                0000004C 
           LOCAL                   ADDRESS         
           =====                   =======         
           TCNT1                   0000004C 
           TCNT1H                  0000004D 
           TCNT1L                  0000004C 
    -------------------------------------------------------------------------
ABSOLUTE
  Relative segment, address: DATA 0000004E - 0000004E (0x1 bytes), align: 0
  Segment part 2. ROOT.       Intra module refs:   print_execute_time
           ENTRY                   ADDRESS         REF BY
           =====                   =======         ======
           _A_TCCR1B               0000004E 
           LOCAL                   ADDRESS         
           =====                   =======         
           TCCR1B                  0000004E 
    -------------------------------------------------------------------------
ABSOLUTE
  Relative segment, address: DATA 0000004F - 0000004F (0x1 bytes), align: 0
  Segment part 3. ROOT.       Intra module refs:   print_execute_time
           ENTRY                   ADDRESS         REF BY
           =====                   =======         ======
           _A_TCCR1A               0000004F 
           LOCAL                   ADDRESS         
           =====                   =======         
           TCCR1A                  0000004F 
    -------------------------------------------------------------------------
ABSOLUTE
  Relative segment, address: DATA 00000056 - 00000056 (0x1 bytes), align: 0
  Segment part 4. ROOT.       Intra module refs:   print_execute_time
           ENTRY                   ADDRESS         REF BY
           =====                   =======         ======
           _A_TIFR                 00000056 
           LOCAL                   ADDRESS         
           =====                   =======         
           TIFR                    00000056 
    -------------------------------------------------------------------------
NEAR_F
  Relative segment, address: CODE 0000008C - 0000010F (0x84 bytes), align: 0
  Segment part 14.            Intra module refs:   Sine
           ENTRY                   ADDRESS         REF BY
           =====                   =======         ======
           sin_table               0000008C 
    -------------------------------------------------------------------------
CODE
  Relative segment, address: CODE 00000308 - 00000375 (0x6e bytes), align: 1
  Segment part 25.            Intra module refs:   int16_sin
           LOCAL                   ADDRESS         
           =====                   =======         
           Sine                    00000308 
               RSTACK = 00000000 ( 00000002 )
               CSTACK = 00000000 ( 00000006 )
    -------------------------------------------------------------------------
CODE
  Relative segment, address: CODE 00000376 - 000003F5 (0x80 bytes), align: 1
  Segment part 26.            Intra module refs:   int32_sqrt
           LOCAL                   ADDRESS         
           =====                   =======         
           isqrt_c32               00000376 
               RSTACK = 00000000 ( 00000004 )
               CSTACK = 00000000 ( 0000000A )
    -------------------------------------------------------------------------
CODE
  Relative segment, address: CODE 000003F6 - 00000433 (0x3e bytes), align: 1
  Segment part 27.            Intra module refs:   int16_sqrt
           LOCAL                   ADDRESS         
           =====                   =======         
           isqrt_c16               000003F6 
               RSTACK = 00000000 ( 00000004 )
    -------------------------------------------------------------------------
NEAR_I
  Relative segment, address: DATA 00000140 - 00000300 (0x1c1 bytes), align: 0
  Segment part 11.            Intra module refs:   main
    -------------------------------------------------------------------------
NEAR_I
  Relative segment, address: DATA 00000301 - 0000030E (0xe bytes), align: 0
  Segment part 15.            Intra module refs:   float_add
                                                   float_add_const
                                                   float_convert_to_float
                                                   float_convert_to_int
                                                   float_div
                                                   float_div_const
                                                   float_mul
                                                   float_mul_const
                                                   float_sin
                                                   float_sqrt
           ENTRY                   ADDRESS         REF BY
           =====                   =======         ======
           a                       00000301 
           b                       00000305 
           c                       00000309 
           d                       0000030D 
    -------------------------------------------------------------------------
CODE
  Relative segment, address: CODE 00000434 - 00000457 (0x24 bytes), align: 1
  Segment part 28.            Intra module refs:   main
           ENTRY                   ADDRESS         REF BY
           =====                   =======         ======
           float_convert_to_float
                                   00000434 
               RSTACK = 00000000 ( 00000004 )
    -------------------------------------------------------------------------
CODE
  Relative segment, address: CODE 00000458 - 00000475 (0x1e bytes), align: 1
  Segment part 29.            Intra module refs:   main
           ENTRY                   ADDRESS         REF BY
           =====                   =======         ======
           float_convert_to_int    00000458 
               RSTACK = 00000000 ( 00000004 )
    -------------------------------------------------------------------------
CODE
  Relative segment, address: CODE 00000476 - 00000495 (0x20 bytes), align: 1
  Segment part 30.            Intra module refs:   main
           ENTRY                   ADDRESS         REF BY
           =====                   =======         ======
           float_add_const         00000476 
               RSTACK = 00000000 ( 00000004 )
               CSTACK = 00000000 ( 00000002 )
    -------------------------------------------------------------------------
CODE
  Relative segment, address: CODE 00000496 - 000004B7 (0x22 bytes), align: 1
  Segment part 31.            Intra module refs:   main
           ENTRY                   ADDRESS         REF BY
           =====                   =======         ======
           float_add               00000496 
               RSTACK = 00000000 ( 00000004 )
               CSTACK = 00000000 ( 00000002 )
    -------------------------------------------------------------------------
CODE
  Relative segment, address: CODE 000004B8 - 000004D7 (0x20 bytes), align: 1
  Segment part 32.            Intra module refs:   main
           ENTRY                   ADDRESS         REF BY
           =====                   =======         ======
           float_mul_const         000004B8 
               RSTACK = 00000000 ( 00000004 )
               CSTACK = 00000000 ( 00000002 )
    -------------------------------------------------------------------------
CODE
  Relative segment, address: CODE 000004D8 - 000004E5 (0xe bytes), align: 1
  Segment part 33.            Intra module refs:   float_div
                                                   float_div_const
           LOCAL                   ADDRESS         
           =====                   =======         
           ?Subroutine0            000004D8 
    -------------------------------------------------------------------------
CODE
  Relative segment, address: CODE 000004E6 - 000004F3 (0xe bytes), align: 1
  Segment part 34.            Intra module refs:   ?Subroutine0
                                                   float_add
                                                   float_add_const
                                                   float_mul
                                                   float_mul_const
                                                   float_sin
                                                   float_sqrt
    -------------------------------------------------------------------------
CODE
  Relative segment, address: CODE 000004F4 - 00000515 (0x22 bytes), align: 1
  Segment part 35.            Intra module refs:   main
           ENTRY                   ADDRESS         REF BY
           =====                   =======         ======
           float_mul               000004F4 
               RSTACK = 00000000 ( 00000004 )
               CSTACK = 00000000 ( 00000002 )
    -------------------------------------------------------------------------
CODE
  Relative segment, address: CODE 00000516 - 00000527 (0x12 bytes), align: 1
  Segment part 36.            Intra module refs:   main
           ENTRY                   ADDRESS         REF BY
           =====                   =======         ======
           float_div_const         00000516 
               RSTACK = 00000000 ( 00000004 )
               CSTACK = 00000000 ( 00000002 )
    -------------------------------------------------------------------------
CODE
  Relative segment, address: CODE 00000528 - 0000053B (0x14 bytes), align: 1
  Segment part 37.            Intra module refs:   main
           ENTRY                   ADDRESS         REF BY
           =====                   =======         ======
           float_div               00000528 
               RSTACK = 00000000 ( 00000004 )
               CSTACK = 00000000 ( 00000002 )
    -------------------------------------------------------------------------
CODE
  Relative segment, address: CODE 0000053C - 00000553 (0x18 bytes), align: 1
  Segment part 38.            Intra module refs:   main
           ENTRY                   ADDRESS         REF BY
           =====                   =======         ======
           float_sqrt              0000053C 
               calls direct
               RSTACK = 00000000 ( 00000002 )
               CSTACK = 00000000 ( 00000002 )
    -------------------------------------------------------------------------
CODE
  Relative segment, address: CODE 00000554 - 0000056B (0x18 bytes), align: 1
  Segment part 39.            Intra module refs:   main
           ENTRY                   ADDRESS         REF BY
           =====                   =======         ======
           float_sin               00000554 
               calls direct
               RSTACK = 00000000 ( 00000002 )
               CSTACK = 00000000 ( 00000002 )
    -------------------------------------------------------------------------
NEAR_I
  Relative segment, address: DATA 0000030F - 00000314 (0x6 bytes), align: 0
  Segment part 17.            Intra module refs:   int16_div
                                                   int16_div10
                                                   int16_div10_fast
                                                   int16_div16
                                                   int16_mult
                                                   int16_mult_const
                                                   int16_sqrt
           ENTRY                   ADDRESS         REF BY
           =====                   =======         ======
           i_a                     0000030F 
           i_b                     00000311 
           i_c                     00000313 
    -------------------------------------------------------------------------
CODE
  Relative segment, address: CODE 0000056C - 00000575 (0xa bytes), align: 1
  Segment part 40.            Intra module refs:   main
           ENTRY                   ADDRESS         REF BY
           =====                   =======         ======
           int16_div10             0000056C 
               RSTACK = 00000000 ( 00000004 )
               CSTACK = 00000000 ( 00000002 )
    -------------------------------------------------------------------------
CODE
  Relative segment, address: CODE 00000576 - 00000587 (0x12 bytes), align: 1
  Segment part 41.            Intra module refs:   int16_div
                                                   int16_div10
           LOCAL                   ADDRESS         
           =====                   =======         
           ?Subroutine4            00000576 
    -------------------------------------------------------------------------
CODE
  Relative segment, address: CODE 00000588 - 000005B3 (0x2c bytes), align: 1
  Segment part 42.            Intra module refs:   main
           ENTRY                   ADDRESS         REF BY
           =====                   =======         ======
           int16_div10_fast        00000588 
               RSTACK = 00000000 ( 00000002 )
    -------------------------------------------------------------------------
CODE
  Relative segment, address: CODE 000005B4 - 000005C5 (0x12 bytes), align: 1
  Segment part 43.            Intra module refs:   int16_div10_fast
                                                   int16_div16
           LOCAL                   ADDRESS         
           =====                   =======         
           ?Subroutine2            000005B4 
    -------------------------------------------------------------------------
CODE
  Relative segment, address: CODE 000005C6 - 000005D3 (0xe bytes), align: 1
  Segment part 44.            Intra module refs:   main
           ENTRY                   ADDRESS         REF BY
           =====                   =======         ======
           int16_div16             000005C6 
               RSTACK = 00000000 ( 00000002 )
    -------------------------------------------------------------------------
CODE
  Relative segment, address: CODE 000005D4 - 000005E1 (0xe bytes), align: 1
  Segment part 45.            Intra module refs:   main
           ENTRY                   ADDRESS         REF BY
           =====                   =======         ======
           int16_div               000005D4 
               RSTACK = 00000000 ( 00000004 )
               CSTACK = 00000000 ( 00000002 )
    -------------------------------------------------------------------------
CODE
  Relative segment, address: CODE 000005E2 - 000005F9 (0x18 bytes), align: 1
  Segment part 46.            Intra module refs:   main
           ENTRY                   ADDRESS         REF BY
           =====                   =======         ======
           int16_mult_const        000005E2 
               RSTACK = 00000000 ( 00000002 )
    -------------------------------------------------------------------------
CODE
  Relative segment, address: CODE 000005FA - 00000617 (0x1e bytes), align: 1
  Segment part 47.            Intra module refs:   main
           ENTRY                   ADDRESS         REF BY
           =====                   =======         ======
           int16_mult              000005FA 
               RSTACK = 00000000 ( 00000002 )
    -------------------------------------------------------------------------
NEAR_I
  Relative segment, address: DATA 00000315 - 00000320 (0xc bytes), align: 0
  Segment part 19.            Intra module refs:   int16_sin
                                                   int32_div
                                                   int32_div10
                                                   int32_div16
                                                   int32_mult_const
                                                   int32_sqrt
           ENTRY                   ADDRESS         REF BY
           =====                   =======         ======
           l_a                     00000315 
           l_b                     00000319 
           l_c                     0000031D 
    -------------------------------------------------------------------------
CODE
  Relative segment, address: CODE 00000618 - 00000627 (0x10 bytes), align: 1
  Segment part 48.            Intra module refs:   main
           ENTRY                   ADDRESS         REF BY
           =====                   =======         ======
           int32_div10             00000618 
               RSTACK = 00000000 ( 00000004 )
               CSTACK = 00000000 ( 00000002 )
    -------------------------------------------------------------------------
CODE
  Relative segment, address: CODE 00000628 - 00000643 (0x1c bytes), align: 1
  Segment part 49.            Intra module refs:   int32_div
                                                   int32_div10
           LOCAL                   ADDRESS         
           =====                   =======         
           ?Subroutine1            00000628 
    -------------------------------------------------------------------------
CODE
  Relative segment, address: CODE 00000644 - 00000655 (0x12 bytes), align: 1
  Segment part 50.            Intra module refs:   main
           ENTRY                   ADDRESS         REF BY
           =====                   =======         ======
           int32_div16             00000644 
               RSTACK = 00000000 ( 00000004 )
    -------------------------------------------------------------------------
CODE
  Relative segment, address: CODE 00000656 - 00000657 (0x2 bytes), align: 1
  Segment part 51.            Intra module refs:   int32_div16
                                                   int32_sqrt
           LOCAL                   ADDRESS         
           =====                   =======         
           ?Subroutine5            00000656 
    -------------------------------------------------------------------------
CODE
  Relative segment, address: CODE 00000658 - 0000065F (0x8 bytes), align: 1
  Segment part 52.            Intra module refs:   ?Subroutine5
                                                   int32_mult_const
    -------------------------------------------------------------------------
CODE
  Relative segment, address: CODE 00000660 - 00000673 (0x14 bytes), align: 1
  Segment part 53.            Intra module refs:   main
           ENTRY                   ADDRESS         REF BY
           =====                   =======         ======
           int32_div               00000660 
               RSTACK = 00000000 ( 00000004 )
               CSTACK = 00000000 ( 00000002 )
    -------------------------------------------------------------------------
CODE
  Relative segment, address: CODE 00000674 - 000006A1 (0x2e bytes), align: 1
  Segment part 54.            Intra module refs:   main
           ENTRY                   ADDRESS         REF BY
           =====                   =======         ======
           int32_mult_const        00000674 
               RSTACK = 00000000 ( 00000002 )
    -------------------------------------------------------------------------
CODE
  Relative segment, address: CODE 000006A2 - 000006B1 (0x10 bytes), align: 1
  Segment part 56.            Intra module refs:   main
           ENTRY                   ADDRESS         REF BY
           =====                   =======         ======
           int32_sqrt              000006A2 
               calls direct
               RSTACK = 00000000 ( 00000002 )
    -------------------------------------------------------------------------
CODE
  Relative segment, address: CODE 000006B2 - 000006B3 (0x2 bytes), align: 1
  Segment part 57.            Intra module refs:   main
           ENTRY                   ADDRESS         REF BY
           =====                   =======         ======
           int32_sqrt_asm          000006B2 
               RSTACK = 00000000 ( 00000002 )
    -------------------------------------------------------------------------
CODE
  Relative segment, address: CODE 000006B4 - 000006B5 (0x2 bytes), align: 1
  Segment part 58.            Intra module refs:   main
           ENTRY                   ADDRESS         REF BY
           =====                   =======         ======
           int16_sqrt_asm          000006B4 
               RSTACK = 00000000 ( 00000002 )
    -------------------------------------------------------------------------
CODE
  Relative segment, address: CODE 000006B6 - 000006C5 (0x10 bytes), align: 1
  Segment part 59.            Intra module refs:   main
           ENTRY                   ADDRESS         REF BY
           =====                   =======         ======
           int16_sqrt              000006B6 
               calls direct
               RSTACK = 00000000 ( 00000002 )
    -------------------------------------------------------------------------
CODE
  Relative segment, address: CODE 000006C6 - 000006E3 (0x1e bytes), align: 1
  Segment part 60.            Intra module refs:   main
           ENTRY                   ADDRESS         REF BY
           =====                   =======         ======
           int16_sin               000006C6 
               calls direct
               RSTACK = 00000000 ( 00000002 )
    -------------------------------------------------------------------------
CODE
  Relative segment, address: CODE 000006E4 - 000006E5 (0x2 bytes), align: 1
  Segment part 61.            Intra module refs:   main
           ENTRY                   ADDRESS         REF BY
           =====                   =======         ======
           empty_func              000006E4 
               RSTACK = 00000000 ( 00000002 )
    -------------------------------------------------------------------------
CODE
  Relative segment, address: CODE 000006E6 - 0000078F (0xaa bytes), align: 1
  Segment part 62.            Intra module refs:   main
           ENTRY                   ADDRESS         REF BY
           =====                   =======         ======
           int16_pi_regler         000006E6 
               RSTACK = 00000000 ( 00000004 )
    -------------------------------------------------------------------------
NEAR_I
  Relative segment, address: DATA 00000321 - 00000330 (0x10 bytes), align: 0
  Segment part 21.            Intra module refs:   int16_pi_regler
           ENTRY                   ADDRESS         REF BY
           =====                   =======         ======
           u_stell                 00000329 
           v_ist                   00000327 
           v_soll                  00000325 
           LOCAL                   ADDRESS         
           =====                   =======         
           int16_pi_regler::ki     00000330 
           int16_pi_regler::kp     0000032F 
           int16_pi_regler::reg_abw
                                   0000032B 
           int16_pi_regler::reg_abw_old
                                   0000032D 
           int16_pi_regler::u_stell_l
                                   00000321 
    -------------------------------------------------------------------------
CODE
  Relative segment, address: CODE 00000790 - 00000817 (0x88 bytes), align: 1
  Segment part 63.            Intra module refs:   main
                                                   print_execute_time
                                                   print_int16
           LOCAL                   ADDRESS         
           =====                   =======         
           PrintSignedShortFormated
                                   00000790 
               RSTACK = 00000000 ( 00000002 )
               CSTACK = 00000000 ( 00000007 )
    -------------------------------------------------------------------------
CODE
  Relative segment, address: CODE 00000818 - 0000081D (0x6 bytes), align: 1
  Segment part 64.            Intra module refs:   main
           ENTRY                   ADDRESS         REF BY
           =====                   =======         ======
           print_int16             00000818 
               calls direct
               RSTACK = 00000000 ( 00000002 )
    -------------------------------------------------------------------------
CODE
  Relative segment, address: CODE 0000081E - 0000081F (0x2 bytes), align: 1
  Segment part 65.            Intra module refs:   main
           ENTRY                   ADDRESS         REF BY
           =====                   =======         ======
           print_int16_itoa        0000081E 
               RSTACK = 00000000 ( 00000002 )
    -------------------------------------------------------------------------
NEAR_Z
  Relative segment, address: DATA 00000331 - 000003F8 (0xc8 bytes), align: 0
  Segment part 23.            Intra module refs:   ?Subroutine3
                                                   main
                                                   testData
                                                   test_loop1
                                                   test_loop4
           ENTRY                   ADDRESS         REF BY
           =====                   =======         ======
           buffer                  00000331 
    -------------------------------------------------------------------------
CODE
  Relative segment, address: CODE 00000820 - 00000849 (0x2a bytes), align: 1
  Segment part 66.            Intra module refs:   main
           ENTRY                   ADDRESS         REF BY
           =====                   =======         ======
           testData                00000820 
               RSTACK = 00000000 ( 00000002 )
    -------------------------------------------------------------------------
CODE
  Relative segment, address: CODE 0000084A - 0000086D (0x24 bytes), align: 1
  Segment part 67.            Intra module refs:   main
           ENTRY                   ADDRESS         REF BY
           =====                   =======         ======
           test_loop1              0000084A 
               RSTACK = 00000000 ( 00000002 )
    -------------------------------------------------------------------------
CODE
  Relative segment, address: CODE 0000086E, align: 1
  Segment part 68.            Intra module refs:   main
           ENTRY                   ADDRESS         REF BY
           =====                   =======         ======
           test_loop2              0000086E 
               RSTACK = 00000000 ( 00000002 )
    -------------------------------------------------------------------------
CODE
  Relative segment, address: CODE 0000086E - 0000087F (0x12 bytes), align: 1
  Segment part 69.            Intra module refs:   test_loop2
                                                   test_loop3
           LOCAL                   ADDRESS         
           =====                   =======         
           ?Subroutine3            0000086E 
    -------------------------------------------------------------------------
CODE
  Relative segment, address: CODE 00000880 - 00000881 (0x2 bytes), align: 1
  Segment part 70.            Intra module refs:   main
           ENTRY                   ADDRESS         REF BY
           =====                   =======         ======
           test_loop3              00000880 
               RSTACK = 00000000 ( 00000002 )
    -------------------------------------------------------------------------
CODE
  Relative segment, address: CODE 00000882 - 000008B7 (0x36 bytes), align: 1
  Segment part 71.            Intra module refs:   main
           ENTRY                   ADDRESS         REF BY
           =====                   =======         ======
           test_loop4              00000882 
               RSTACK = 00000000 ( 00000002 )
    -------------------------------------------------------------------------
CODE
  Relative segment, address: CODE 000008B8 - 000008DD (0x26 bytes), align: 1
  Segment part 72.            Intra module refs:   main
           ENTRY                   ADDRESS         REF BY
           =====                   =======         ======
           print_execute_time      000008B8 
               calls direct and indirect
               RSTACK = 00000000 ( 00000002 )
    -------------------------------------------------------------------------
CODE
  Relative segment, address: CODE 000008DE - 00000A4B (0x16e bytes), align: 1
  Segment part 73.
           ENTRY                   ADDRESS         REF BY
           =====                   =======         ======
           main                    000008DE        ?cstartup_call_main (?C_STARTUP)
               calls direct
               RSTACK = 00000000 ( 00000002 )
    -------------------------------------------------------------------------
ABSOLUTE
  Relative segment, address: DATA 0000001C, align: 0
  Segment part 5. ROOT.
           ENTRY                   ADDRESS         REF BY
           =====                   =======         ======
           __?EECR                 0000001C 
    -------------------------------------------------------------------------
ABSOLUTE
  Relative segment, address: DATA 0000001D, align: 0
  Segment part 6. ROOT.
           ENTRY                   ADDRESS         REF BY
           =====                   =======         ======
           __?EEDR                 0000001D 
    -------------------------------------------------------------------------
ABSOLUTE
  Relative segment, address: DATA 0000001E, align: 0
  Segment part 7. ROOT.
           ENTRY                   ADDRESS         REF BY
           =====                   =======         ======
           __?EEARL                0000001E 
    -------------------------------------------------------------------------
ABSOLUTE
  Relative segment, address: DATA 0000001F, align: 0
  Segment part 8. ROOT.
           ENTRY                   ADDRESS         REF BY
           =====                   =======         ======
           __?EEARH                0000001F 
    -------------------------------------------------------------------------
NEAR_ID
  Relative segment, address: CODE 0000134C - 0000150C (0x1c1 bytes), align: 0
  Segment part 12.            Intra module refs:   Segment part 11
    -------------------------------------------------------------------------
INITTAB
  Relative segment, address: CODE 0000133E - 00001344 (0x7 bytes), align: 0
  Segment part 13.            Intra module refs:   Segment part 11
                                                   Segment part 15
                                                   Segment part 17
                                                   Segment part 19
                                                   Segment part 21
           ENTRY                   ADDRESS         REF BY
           =====                   =======         ======
           ?<Segment init: NEAR_I>
                                   0000133E 
    -------------------------------------------------------------------------
NEAR_ID
  Relative segment, address: CODE 0000150D - 0000151A (0xe bytes), align: 0
  Segment part 16.            Intra module refs:   Segment part 15
    -------------------------------------------------------------------------
NEAR_ID
  Relative segment, address: CODE 0000151B - 00001520 (0x6 bytes), align: 0
  Segment part 18.            Intra module refs:   Segment part 17
    -------------------------------------------------------------------------
NEAR_ID
  Relative segment, address: CODE 00001521 - 0000152C (0xc bytes), align: 0
  Segment part 20.            Intra module refs:   Segment part 19
    -------------------------------------------------------------------------
NEAR_ID
  Relative segment, address: CODE 0000152D - 0000153C (0x10 bytes), align: 0
  Segment part 22.            Intra module refs:   Segment part 21
    -------------------------------------------------------------------------
INITTAB
  Relative segment, address: CODE 00001345 - 0000134B (0x7 bytes), align: 0
  Segment part 24.            Intra module refs:   buffer
                                                   errno (?errno)
           ENTRY                   ADDRESS         REF BY
           =====                   =======         ======
           ?<Segment init: NEAR_Z>
                                   00001345 

    *************************************************************************

  FILE NAME : C:\Programme\IAR Systems\Embedded Workbench 6.0\avr\LIB\CLIB\cl3s-ec_mul.r90
  LIBRARY MODULE, NAME : ?__exit

  SEGMENTS IN THE MODULE
  ======================
CODE
  Relative segment, address: CODE 00000A4C - 00000A51 (0x6 bytes), align: 1
  Segment part 0.
           ENTRY                   ADDRESS         REF BY
           =====                   =======         ======
           __exit                  00000A4E 
           ?C_EXIT                 00000A4E 
           ?C_FUNCALL              00000A4C 
           _exit                   00000A4C        ?cstartup_call_main (?C_STARTUP)
           exit                    00000A4C        ?cstartup_call_main (?C_STARTUP)

    -------------------------------------------------------------------------
  LIBRARY MODULE, NAME : ?RESET

  SEGMENTS IN THE MODULE
  ======================
INTVEC
  Common segment, address: CODE 00000000 - 00000003 (0x4 bytes), align: 1
  Segment part 0. ROOT.
           ENTRY                   ADDRESS         REF BY
           =====                   =======         ======
           __program_start         00000000        Absolute parts (?ABS_ENTRY_MOD)
           ?RESET                  00000000        Segment part 2 (?C_STARTUP)

    -------------------------------------------------------------------------
  LIBRARY MODULE, NAME : ?C_STARTUP

  SEGMENTS IN THE MODULE
  ======================
CODE
  Relative segment, address: CODE 00000A52, align: 1
  Segment part 2.
           ENTRY                   ADDRESS         REF BY
           =====                   =======         ======
           ?C_STARTUP              00000A52        Segment part 0 (?RESET)
           __RESTART               00000A52 
    -------------------------------------------------------------------------
CODE
  Relative segment, address: CODE 00000A52 - 00000A5D (0xc bytes), align: 1
  Segment part 5.             Intra module refs:   Segment part 2
    -------------------------------------------------------------------------
CODE
  Relative segment, address: CODE 00000A5E - 00000A61 (0x4 bytes), align: 1
  Segment part 7.             Intra module refs:   Segment part 5
           ENTRY                   ADDRESS         REF BY
           =====                   =======         ======
           ?call_low_level_init    00000A5E 
    -------------------------------------------------------------------------
CODE
  Relative segment, address: CODE 00000A62 - 00000A69 (0x8 bytes), align: 1
  Segment part 8.
           ENTRY                   ADDRESS         REF BY
           =====                   =======         ======
           ?need_segment_init      00000A62        ?<Segment init: NEAR_I> (test)
                                                   ?<Segment init: NEAR_Z> (test)
    -------------------------------------------------------------------------
CODE
  Relative segment, address: CODE 00000A6A - 00000A75 (0xc bytes), align: 1
  Segment part 9.             Intra module refs:   ?call_low_level_init
           ENTRY                   ADDRESS         REF BY
           =====                   =======         ======
           ?cstartup_call_main     00000A6A 

    -------------------------------------------------------------------------
  LIBRARY MODULE, NAME : ?errno

  SEGMENTS IN THE MODULE
  ======================
NEAR_Z
  Relative segment, address: DATA 000003F9 - 000003FA (0x2 bytes), align: 0
  Segment part 3.
           ENTRY                   ADDRESS         REF BY
           =====                   =======         ======
           errno                   000003F9        sqrt (?sqrt)

    -------------------------------------------------------------------------
  LIBRARY MODULE, NAME : ?frexp

  SEGMENTS IN THE MODULE
  ======================
CODE
  Relative segment, address: CODE 00000A76 - 00000AB1 (0x3c bytes), align: 1
  Segment part 3.
           ENTRY                   ADDRESS         REF BY
           =====                   =======         ======
           frexp                   00000A76        sqrt (?sqrt)
               RSTACK = 00000000 ( 00000004 )

    -------------------------------------------------------------------------
  LIBRARY MODULE, NAME : ?UC_DIVMOD_L01

  SEGMENTS IN THE MODULE
  ======================
CODE
  Relative segment, address: CODE 00000AB2 - 00000ACD (0x1c bytes), align: 1
  Segment part 0.
           ENTRY                   ADDRESS         REF BY
           =====                   =======         ======
           ?UC_DIVMOD_L01          00000AB2        ?SC_DIVMOD_L01 (?SC_DIVMOD_L01)

    -------------------------------------------------------------------------
  LIBRARY MODULE, NAME : ?SC_DIVMOD_L01

  SEGMENTS IN THE MODULE
  ======================
CODE
  Relative segment, address: CODE 00000ACE - 00000AED (0x20 bytes), align: 1
  Segment part 0.
           ENTRY                   ADDRESS         REF BY
           =====                   =======         ======
           ?SC_DIVMOD_L01          00000ACE        Segment part 4 (?sqrt)

    -------------------------------------------------------------------------
  LIBRARY MODULE, NAME : ?S_SHL_L02

  SEGMENTS IN THE MODULE
  ======================
CODE
  Relative segment, address: CODE 00000AEE - 00000AF9 (0xc bytes), align: 1
  Segment part 0.
           ENTRY                   ADDRESS         REF BY
           =====                   =======         ======
           ?S_SHL_L02              00000AEE        isqrt_c16 (test)

    -------------------------------------------------------------------------
  LIBRARY MODULE, NAME : ?SS_SHR_L02

  SEGMENTS IN THE MODULE
  ======================
CODE
  Relative segment, address: CODE 00000AFA - 00000B05 (0xc bytes), align: 1
  Segment part 0.
           ENTRY                   ADDRESS         REF BY
           =====                   =======         ======
           ?SS_SHR_L02             00000AFA        int16_pi_regler (test)

    -------------------------------------------------------------------------
  LIBRARY MODULE, NAME : ?US_DIVMOD_L02

  SEGMENTS IN THE MODULE
  ======================
CODE
  Relative segment, address: CODE 00000B06 - 00000B2D (0x28 bytes), align: 1
  Segment part 0.
           ENTRY                   ADDRESS         REF BY
           =====                   =======         ======
           ?US_DIVMOD_L02          00000B06        ?Subroutine4 (test)

    -------------------------------------------------------------------------
  LIBRARY MODULE, NAME : ?L_SHL_L03

  SEGMENTS IN THE MODULE
  ======================
CODE
  Relative segment, address: CODE 00000B2E - 00000B3D (0x10 bytes), align: 1
  Segment part 0.
           ENTRY                   ADDRESS         REF BY
           =====                   =======         ======
           ?L_SHL_L03              00000B2E        isqrt_c32 (test)

    -------------------------------------------------------------------------
  LIBRARY MODULE, NAME : ?UL_SHR_L03

  SEGMENTS IN THE MODULE
  ======================
CODE
  Relative segment, address: CODE 00000B3E - 00000B4D (0x10 bytes), align: 1
  Segment part 0.
           ENTRY                   ADDRESS         REF BY
           =====                   =======         ======
           ?UL_SHR_L03             00000B3E        Segment part 9 (?FLOATS_L04)
                                                   int32_div16 (test)

    -------------------------------------------------------------------------
  LIBRARY MODULE, NAME : ?SL_SHR_L03

  SEGMENTS IN THE MODULE
  ======================
CODE
  Relative segment, address: CODE 00000B4E - 00000B5D (0x10 bytes), align: 1
  Segment part 0.
           ENTRY                   ADDRESS         REF BY
           =====                   =======         ======
           ?SL_SHR_L03             00000B4E        int16_pi_regler (test)

    -------------------------------------------------------------------------
  LIBRARY MODULE, NAME : ?UL_DIVMOD_L03

  SEGMENTS IN THE MODULE
  ======================
CODE
  Relative segment, address: CODE 00000B5E - 00000BA3 (0x46 bytes), align: 1
  Segment part 0.
           ENTRY                   ADDRESS         REF BY
           =====                   =======         ======
           ?UL_DIVMOD_L03          00000B5E        ?Subroutine1 (test)

    -------------------------------------------------------------------------
  LIBRARY MODULE, NAME : ?SL_DIVMOD_L03

  SEGMENTS IN THE MODULE
  ======================
CODE
  Relative segment, address: CODE 00000BA4 - 00000BB3 (0x10 bytes), align: 1
  Segment part 1.
           ENTRY                   ADDRESS         REF BY
           =====                   =======         ======
           ?L_NEG_L03              00000BA4        ?SL2F_L04 (?FLOATS_L04)
                                                   Segment part 9 (?FLOATS_L04)

    -------------------------------------------------------------------------
  LIBRARY MODULE, NAME : ?FLOATS_L04

  SEGMENTS IN THE MODULE
  ======================
CODE
  Relative segment, address: CODE 00000BB4 - 00000BDD (0x2a bytes), align: 1
  Segment part 0.             Intra module refs:   ?F2SL_L04
                                                   ?F_ADD_L04
                                                   ?F_DIV_L04
                                                   ?F_MUL_L04
    -------------------------------------------------------------------------
CODE
  Relative segment, address: CODE 00000BDE - 00000C31 (0x54 bytes), align: 1
  Segment part 1.             Intra module refs:   ?F_ADD_L04
                                                   ?F_DIV_L04
                                                   ?F_MUL_L04
                                                   Segment part 5
           ENTRY                   ADDRESS         REF BY
           =====                   =======         ======
           ?F_ROUND_L04            00000BFE 
    -------------------------------------------------------------------------
CODE
  Relative segment, address: CODE 00000C32 - 00000C33 (0x2 bytes), align: 1
  Segment part 3.             Intra module refs:   ?F_ROUND_L04
    -------------------------------------------------------------------------
CODE
  Relative segment, address: CODE 00000C34 - 00000C3D (0xa bytes), align: 1
  Segment part 4.
           ENTRY                   ADDRESS         REF BY
           =====                   =======         ======
           ?SL2F_L04               00000C34        float_convert_to_float (test)
                                                   modf (?modf)
    -------------------------------------------------------------------------
CODE
  Relative segment, address: CODE 00000C3E - 00000C49 (0xc bytes), align: 1
  Segment part 5.             Intra module refs:   ?SL2F_L04
                                                   ?UL2F_L04
    -------------------------------------------------------------------------
CODE
  Relative segment, address: CODE 00000C4A - 00000C4D (0x4 bytes), align: 1
  Segment part 6.
           ENTRY                   ADDRESS         REF BY
           =====                   =======         ======
           ?UL2F_L04               00000C4A        Segment part 6 (?sinus)
    -------------------------------------------------------------------------
CODE
  Relative segment, address: CODE 00000C4E - 00000C5F (0x12 bytes), align: 1
  Segment part 8.
           ENTRY                   ADDRESS         REF BY
           =====                   =======         ======
           ?F2SL_L04               00000C4E        __sinus (?sinus)
                                                   float_convert_to_int (test)
                                                   modf (?modf)
    -------------------------------------------------------------------------
CODE
  Relative segment, address: CODE 00000C60 - 00000C83 (0x24 bytes), align: 1
  Segment part 9.             Intra module refs:   ?F2SL_L04
    -------------------------------------------------------------------------
CODE
  Relative segment, address: CODE 00000C84 - 00000CB1 (0x2e bytes), align: 1
  Segment part 10.            Intra module refs:   ?F_ADD_L04
                                                   ?F_CMP_EQ_L04
                                                   ?F_CMP_GE_L04
                                                   ?F_CMP_LT_L04
                                                   ?F_DIV_L04
                                                   ?F_MUL_L04
                                                   Segment part 11
           ENTRY                   ADDRESS         REF BY
           =====                   =======         ======
           ?TEST_P_L04             00000C84 
    -------------------------------------------------------------------------
CODE
  Relative segment, address: CODE 00000CB2 - 00000CD1 (0x20 bytes), align: 1
  Segment part 11.            Intra module refs:   ?F_ADD_L04
                                                   ?F_CMP_EQ_L04
                                                   ?F_CMP_GE_L04
                                                   ?F_CMP_LT_L04
                                                   ?F_DIV_L04
                                                   ?F_MUL_L04
                                                   Segment part 17
                                                   Segment part 22
    -------------------------------------------------------------------------
CODE
  Relative segment, address: CODE 00000CD2 - 00000D79 (0xa8 bytes), align: 1
  Segment part 12.            Intra module refs:   ?F_SUB_L04
                                                   Segment part 17
           ENTRY                   ADDRESS         REF BY
           =====                   =======         ======
           ?F_ADD_L04              00000CF2        Segment part 10 (?sinus)
                                                   Segment part 6 (?sqrt)
                                                   float_add (test)
                                                   float_add_const (test)
                                                   sqrt (?sqrt)
    -------------------------------------------------------------------------
CODE
  Relative segment, address: CODE 00000D7A - 00000D7F (0x6 bytes), align: 1
  Segment part 13.
           ENTRY                   ADDRESS         REF BY
           =====                   =======         ======
           ?F_SUB_L04              00000D7A        Segment part 4 (?sinus)
                                                   __sinus (?sinus)
                                                   modf (?modf)
    -------------------------------------------------------------------------
CODE
  Relative segment, address: CODE 00000D80 - 00000D8B (0xc bytes), align: 1
  Segment part 14.            Intra module refs:   ?F2SL_L04
                                                   ?F_DIV_L04
                                                   ?F_INFINITE_L04
                                                   ?F_MUL_L04
                                                   ?F_NAN_L04
                                                   Segment part 9
           ENTRY                   ADDRESS         REF BY
           =====                   =======         ======
           ?F_ZERO_L04             00000D80 
    -------------------------------------------------------------------------
CODE
  Relative segment, address: CODE 00000D8C - 00000D93 (0x8 bytes), align: 1
  Segment part 15.            Intra module refs:   ?F_DIV_L04
                                                   ?F_MUL_L04
                                                   Segment part 3
           ENTRY                   ADDRESS         REF BY
           =====                   =======         ======
           ?F_INFINITE_L04         00000D8C 
    -------------------------------------------------------------------------
CODE
  Relative segment, address: CODE 00000D94 - 00000D99 (0x6 bytes), align: 1
  Segment part 16.            Intra module refs:   ?F_ADD_L04
                                                   ?F_DIV_L04
                                                   ?F_MUL_L04
                                                   Segment part 17
           ENTRY                   ADDRESS         REF BY
           =====                   =======         ======
           ?F_NAN_L04              00000D94 
    -------------------------------------------------------------------------
CODE
  Relative segment, address: CODE 00000D9A - 00000DB3 (0x1a bytes), align: 1
  Segment part 17.            Intra module refs:   ?F_DIV_L04
                                                   ?F_MUL_L04
    -------------------------------------------------------------------------
CODE
  Relative segment, address: CODE 00000DB4 - 00000E89 (0xd6 bytes), align: 1
  Segment part 18.
           ENTRY                   ADDRESS         REF BY
           =====                   =======         ======
           ?F_MUL_L04              00000DB4        Segment part 5 (?sqrt)
                                                   Segment part 8 (?sinus)
                                                   float_mul (test)
                                                   float_mul_const (test)
                                                   sqrt (?sqrt)
    -------------------------------------------------------------------------
CODE
  Relative segment, address: CODE 00000E8A - 00000F99 (0x110 bytes), align: 1
  Segment part 19.
           ENTRY                   ADDRESS         REF BY
           =====                   =======         ======
           ?F_DIV_L04              00000EA6        ?Subroutine0 (test)
                                                   Segment part 6 (?sqrt)
    -------------------------------------------------------------------------
CODE
  Relative segment, address: CODE 00000F9A - 00000FB7 (0x1e bytes), align: 1
  Segment part 20.
           ENTRY                   ADDRESS         REF BY
           =====                   =======         ======
           ?F_CMP_EQ_L04           00000FA4        frexp (?frexp)
                                                   sqrt (?sqrt)
    -------------------------------------------------------------------------
CODE
  Relative segment, address: CODE 00000FB8 - 00000FBF (0x8 bytes), align: 1
  Segment part 21.
           ENTRY                   ADDRESS         REF BY
           =====                   =======         ======
           ?F_CMP_LT_L04           00000FB8        __sinus (?sinus)
                                                   sqrt (?sqrt)
    -------------------------------------------------------------------------
CODE
  Relative segment, address: CODE 00000FC0 - 00000FE7 (0x28 bytes), align: 1
  Segment part 22.            Intra module refs:   ?F_CMP_GE_L04
                                                   ?F_CMP_LT_L04
    -------------------------------------------------------------------------
CODE
  Relative segment, address: CODE 00000FE8 - 00000FF7 (0x10 bytes), align: 1
  Segment part 23.
           ENTRY                   ADDRESS         REF BY
           =====                   =======         ======
           ?F_CMP_GE_L04           00000FE8        __sinus (?sinus)
                                                   modf (?modf)

    -------------------------------------------------------------------------
  LIBRARY MODULE, NAME : ?PROLOGUE_L09

  SEGMENTS IN THE MODULE
  ======================
CODE
  Relative segment, address: CODE 00000FF8 - 00000FF9 (0x2 bytes), align: 1
  Segment part 4.
           ENTRY                   ADDRESS         REF BY
           =====                   =======         ======
           ?PROLOGUE12_L09         00000FF8        sqrt (?sqrt)
    -------------------------------------------------------------------------
CODE
  Relative segment, address: CODE 00000FFA - 00000FFB (0x2 bytes), align: 1
  Segment part 5.             Intra module refs:   ?PROLOGUE12_L09
           ENTRY                   ADDRESS         REF BY
           =====                   =======         ======
           ?PROLOGUE11_L09         00000FFA 
    -------------------------------------------------------------------------
CODE
  Relative segment, address: CODE 00000FFC - 00000FFD (0x2 bytes), align: 1
  Segment part 6.             Intra module refs:   ?PROLOGUE11_L09
           ENTRY                   ADDRESS         REF BY
           =====                   =======         ======
           ?PROLOGUE10_L09         00000FFC 
    -------------------------------------------------------------------------
CODE
  Relative segment, address: CODE 00000FFE - 00000FFF (0x2 bytes), align: 1
  Segment part 7.             Intra module refs:   ?PROLOGUE10_L09
           ENTRY                   ADDRESS         REF BY
           =====                   =======         ======
           ?PROLOGUE9_L09          00000FFE 
    -------------------------------------------------------------------------
CODE
  Relative segment, address: CODE 00001000 - 00001001 (0x2 bytes), align: 1
  Segment part 8.             Intra module refs:   ?PROLOGUE9_L09
           ENTRY                   ADDRESS         REF BY
           =====                   =======         ======
           ?PROLOGUE8_L09          00001000        __sinus (?sinus)
    -------------------------------------------------------------------------
CODE
  Relative segment, address: CODE 00001002 - 00001003 (0x2 bytes), align: 1
  Segment part 9.             Intra module refs:   ?PROLOGUE8_L09
           ENTRY                   ADDRESS         REF BY
           =====                   =======         ======
           ?PROLOGUE7_L09          00001002 
    -------------------------------------------------------------------------
CODE
  Relative segment, address: CODE 00001004 - 00001005 (0x2 bytes), align: 1
  Segment part 10.            Intra module refs:   ?PROLOGUE7_L09
           ENTRY                   ADDRESS         REF BY
           =====                   =======         ======
           ?PROLOGUE6_L09          00001004 
    -------------------------------------------------------------------------
CODE
  Relative segment, address: CODE 00001006 - 00001007 (0x2 bytes), align: 1
  Segment part 11.            Intra module refs:   ?PROLOGUE6_L09
           ENTRY                   ADDRESS         REF BY
           =====                   =======         ======
           ?PROLOGUE5_L09          00001006 
    -------------------------------------------------------------------------
CODE
  Relative segment, address: CODE 00001008 - 00001009 (0x2 bytes), align: 1
  Segment part 12.            Intra module refs:   ?PROLOGUE5_L09
           ENTRY                   ADDRESS         REF BY
           =====                   =======         ======
           ?PROLOGUE4_L09          00001008        modf (?modf)
    -------------------------------------------------------------------------
CODE
  Relative segment, address: CODE 0000100A - 0000100B (0x2 bytes), align: 1
  Segment part 13.            Intra module refs:   ?PROLOGUE4_L09
           ENTRY                   ADDRESS         REF BY
           =====                   =======         ======
           ?PROLOGUE3_L09          0000100A 
    -------------------------------------------------------------------------
CODE
  Relative segment, address: CODE 0000100C - 0000100D (0x2 bytes), align: 1
  Segment part 14.            Intra module refs:   ?PROLOGUE3_L09
           ENTRY                   ADDRESS         REF BY
           =====                   =======         ======
           ?PROLOGUE2_L09          0000100C 
    -------------------------------------------------------------------------
CODE
  Relative segment, address: CODE 0000100E - 0000100F (0x2 bytes), align: 1
  Segment part 15.            Intra module refs:   ?PROLOGUE2_L09
           ENTRY                   ADDRESS         REF BY
           =====                   =======         ======
           ?PROLOGUE1_L09          0000100E 
    -------------------------------------------------------------------------
CODE
  Relative segment, address: CODE 00001010 - 00001011 (0x2 bytes), align: 1
  Segment part 16.            Intra module refs:   ?PROLOGUE1_L09

    -------------------------------------------------------------------------
  LIBRARY MODULE, NAME : ?EPILOGUE_B_L09

  SEGMENTS IN THE MODULE
  ======================
CODE
  Relative segment, address: CODE 00001012 - 00001013 (0x2 bytes), align: 1
  Segment part 4.
           ENTRY                   ADDRESS         REF BY
           =====                   =======         ======
           ?EPILOGUE_B12_L09       00001012        sqrt (?sqrt)
    -------------------------------------------------------------------------
CODE
  Relative segment, address: CODE 00001014 - 00001015 (0x2 bytes), align: 1
  Segment part 5.             Intra module refs:   ?EPILOGUE_B12_L09
           ENTRY                   ADDRESS         REF BY
           =====                   =======         ======
           ?EPILOGUE_B11_L09       00001014 
    -------------------------------------------------------------------------
CODE
  Relative segment, address: CODE 00001016 - 00001017 (0x2 bytes), align: 1
  Segment part 6.             Intra module refs:   ?EPILOGUE_B11_L09
           ENTRY                   ADDRESS         REF BY
           =====                   =======         ======
           ?EPILOGUE_B10_L09       00001016 
    -------------------------------------------------------------------------
CODE
  Relative segment, address: CODE 00001018 - 00001019 (0x2 bytes), align: 1
  Segment part 7.             Intra module refs:   ?EPILOGUE_B10_L09
           ENTRY                   ADDRESS         REF BY
           =====                   =======         ======
           ?EPILOGUE_B9_L09        00001018 
    -------------------------------------------------------------------------
CODE
  Relative segment, address: CODE 0000101A - 0000101B (0x2 bytes), align: 1
  Segment part 8.             Intra module refs:   ?EPILOGUE_B9_L09
           ENTRY                   ADDRESS         REF BY
           =====                   =======         ======
           ?EPILOGUE_B8_L09        0000101A        __sinus (?sinus)
    -------------------------------------------------------------------------
CODE
  Relative segment, address: CODE 0000101C - 0000101D (0x2 bytes), align: 1
  Segment part 9.             Intra module refs:   ?EPILOGUE_B8_L09
           ENTRY                   ADDRESS         REF BY
           =====                   =======         ======
           ?EPILOGUE_B7_L09        0000101C 
    -------------------------------------------------------------------------
CODE
  Relative segment, address: CODE 0000101E - 0000101F (0x2 bytes), align: 1
  Segment part 10.            Intra module refs:   ?EPILOGUE_B7_L09
           ENTRY                   ADDRESS         REF BY
           =====                   =======         ======
           ?EPILOGUE_B6_L09        0000101E 
    -------------------------------------------------------------------------
CODE
  Relative segment, address: CODE 00001020 - 00001021 (0x2 bytes), align: 1
  Segment part 11.            Intra module refs:   ?EPILOGUE_B6_L09
           ENTRY                   ADDRESS         REF BY
           =====                   =======         ======
           ?EPILOGUE_B5_L09        00001020 
    -------------------------------------------------------------------------
CODE
  Relative segment, address: CODE 00001022 - 00001023 (0x2 bytes), align: 1
  Segment part 12.            Intra module refs:   ?EPILOGUE_B5_L09
           ENTRY                   ADDRESS         REF BY
           =====                   =======         ======
           ?EPILOGUE_B4_L09        00001022        modf (?modf)
    -------------------------------------------------------------------------
CODE
  Relative segment, address: CODE 00001024 - 00001025 (0x2 bytes), align: 1
  Segment part 13.            Intra module refs:   ?EPILOGUE_B4_L09
           ENTRY                   ADDRESS         REF BY
           =====                   =======         ======
           ?EPILOGUE_B3_L09        00001024 
    -------------------------------------------------------------------------
CODE
  Relative segment, address: CODE 00001026 - 00001027 (0x2 bytes), align: 1
  Segment part 14.            Intra module refs:   ?EPILOGUE_B3_L09
           ENTRY                   ADDRESS         REF BY
           =====                   =======         ======
           ?EPILOGUE_B2_L09        00001026 
    -------------------------------------------------------------------------
CODE
  Relative segment, address: CODE 00001028 - 00001029 (0x2 bytes), align: 1
  Segment part 15.            Intra module refs:   ?EPILOGUE_B2_L09
           ENTRY                   ADDRESS         REF BY
           =====                   =======         ======
           ?EPILOGUE_B1_L09        00001028 
    -------------------------------------------------------------------------
CODE
  Relative segment, address: CODE 0000102A - 00001033 (0xa bytes), align: 1
  Segment part 16.            Intra module refs:   ?EPILOGUE_B1_L09
           ENTRY                   ADDRESS         REF BY
           =====                   =======         ======
           ?EPILOGUE_B0_L09        0000102A 

    -------------------------------------------------------------------------
  LIBRARY MODULE, NAME : ?REGISTER_CGREGR4_L10

  SEGMENTS IN THE MODULE
  ======================
CODE
  Relative segment, address: CODE 00001034, align: 1
  Segment part 0.
           ENTRY                   ADDRESS         REF BY
           =====                   =======         ======
           ?Register_R4_is_cg_reg
                                   00001034        Sine (test)
                                                   __sinus (?sinus)
                                                   isqrt_c32 (test)
                                                   sqrt (?sqrt)

    -------------------------------------------------------------------------
  LIBRARY MODULE, NAME : ?REGISTER_CGREGR5_L10

  SEGMENTS IN THE MODULE
  ======================
CODE
  Relative segment, address: CODE 00001034, align: 1
  Segment part 0.
           ENTRY                   ADDRESS         REF BY
           =====                   =======         ======
           ?Register_R5_is_cg_reg
                                   00001034        Sine (test)
                                                   __sinus (?sinus)
                                                   isqrt_c32 (test)
                                                   sqrt (?sqrt)

    -------------------------------------------------------------------------
  LIBRARY MODULE, NAME : ?REGISTER_CGREGR6_L10

  SEGMENTS IN THE MODULE
  ======================
CODE
  Relative segment, address: CODE 00001034, align: 1
  Segment part 0.
           ENTRY                   ADDRESS         REF BY
           =====                   =======         ======
           ?Register_R6_is_cg_reg
                                   00001034        Sine (test)
                                                   __sinus (?sinus)
                                                   isqrt_c32 (test)
                                                   sqrt (?sqrt)

    -------------------------------------------------------------------------
  LIBRARY MODULE, NAME : ?REGISTER_CGREGR7_L10

  SEGMENTS IN THE MODULE
  ======================
CODE
  Relative segment, address: CODE 00001034, align: 1
  Segment part 0.
           ENTRY                   ADDRESS         REF BY
           =====                   =======         ======
           ?Register_R7_is_cg_reg
                                   00001034        __sinus (?sinus)
                                                   isqrt_c32 (test)
                                                   sqrt (?sqrt)

    -------------------------------------------------------------------------
  LIBRARY MODULE, NAME : ?REGISTER_CGREGR8_L10

  SEGMENTS IN THE MODULE
  ======================
CODE
  Relative segment, address: CODE 00001034, align: 1
  Segment part 0.
           ENTRY                   ADDRESS         REF BY
           =====                   =======         ======
           ?Register_R8_is_cg_reg
                                   00001034        isqrt_c32 (test)
                                                   sqrt (?sqrt)

    -------------------------------------------------------------------------
  LIBRARY MODULE, NAME : ?REGISTER_CGREGR9_L10

  SEGMENTS IN THE MODULE
  ======================
CODE
  Relative segment, address: CODE 00001034, align: 1
  Segment part 0.
           ENTRY                   ADDRESS         REF BY
           =====                   =======         ======
           ?Register_R9_is_cg_reg
                                   00001034        isqrt_c32 (test)
                                                   sqrt (?sqrt)

    -------------------------------------------------------------------------
  LIBRARY MODULE, NAME : ?REGISTER_CGREGR10_L10

  SEGMENTS IN THE MODULE
  ======================
CODE
  Relative segment, address: CODE 00001034, align: 1
  Segment part 0.
           ENTRY                   ADDRESS         REF BY
           =====                   =======         ======
           ?Register_R10_is_cg_reg
                                   00001034        isqrt_c32 (test)
                                                   sqrt (?sqrt)

    -------------------------------------------------------------------------
  LIBRARY MODULE, NAME : ?REGISTER_CGREGR11_L10

  SEGMENTS IN THE MODULE
  ======================
CODE
  Relative segment, address: CODE 00001034, align: 1
  Segment part 0.
           ENTRY                   ADDRESS         REF BY
           =====                   =======         ======
           ?Register_R11_is_cg_reg
                                   00001034        isqrt_c32 (test)
                                                   sqrt (?sqrt)

    -------------------------------------------------------------------------
  LIBRARY MODULE, NAME : ?low_level_init

  SEGMENTS IN THE MODULE
  ======================
CODE
  Relative segment, address: CODE 00001034 - 00001037 (0x4 bytes), align: 1
  Segment part 3.
           ENTRY                   ADDRESS         REF BY
           =====                   =======         ======
           __low_level_init        00001034        ?call_low_level_init (?C_STARTUP)
               RSTACK = 00000000 ( 00000002 )

    -------------------------------------------------------------------------
  LIBRARY MODULE, NAME : ?modf

  SEGMENTS IN THE MODULE
  ======================
CODE
  Relative segment, address: CODE 00001038 - 0000107F (0x48 bytes), align: 1
  Segment part 3.
           ENTRY                   ADDRESS         REF BY
           =====                   =======         ======
           modf                    00001038        __sinus (?sinus)
               RSTACK = 00000000 ( 00000004 )
               CSTACK = 00000000 ( 00000004 )
    -------------------------------------------------------------------------
CODE
  Relative segment, address: CODE 00001080 - 00001089 (0xa bytes), align: 1
  Segment part 4.             Intra module refs:   modf

    -------------------------------------------------------------------------
  LIBRARY MODULE, NAME : ?segment_init

  SEGMENTS IN THE MODULE
  ======================
CODE
  Relative segment, address: CODE 0000108A - 00001091 (0x8 bytes), align: 1
  Segment part 3.             Intra module refs:   __segment_init
           LOCAL                   ADDRESS         
           =====                   =======         
           __memclr                0000108A 
               RSTACK = 00000000 ( 00000002 )
    -------------------------------------------------------------------------
CODE
  Relative segment, address: CODE 00001092 - 0000109D (0xc bytes), align: 1
  Segment part 4.             Intra module refs:   __segment_init
           LOCAL                   ADDRESS         
           =====                   =======         
           __flashcpy              00001092 
               RSTACK = 00000000 ( 00000002 )
    -------------------------------------------------------------------------
CODE
  Relative segment, address: CODE 0000109E - 000010A9 (0xc bytes), align: 1
  Segment part 5.             Intra module refs:   __flashcpy
                                                   __memclr
    -------------------------------------------------------------------------
CODE
  Relative segment, address: CODE 000010AA - 00001109 (0x60 bytes), align: 1
  Segment part 6.
           ENTRY                   ADDRESS         REF BY
           =====                   =======         ======
           __segment_init          000010AA        ?need_segment_init (?C_STARTUP)
               calls direct
               RSTACK = 00000000 ( 00000002 )

    -------------------------------------------------------------------------
  LIBRARY MODULE, NAME : ?sin

  SEGMENTS IN THE MODULE
  ======================
CODE
  Relative segment, address: CODE 0000110A - 0000110F (0x6 bytes), align: 1
  Segment part 3.
           ENTRY                   ADDRESS         REF BY
           =====                   =======         ======
           sin                     0000110A        float_sin (test)
               calls direct
               RSTACK = 00000000 ( 00000002 )

    -------------------------------------------------------------------------
  LIBRARY MODULE, NAME : ?sinus

  SEGMENTS IN THE MODULE
  ======================
CODE
  Relative segment, address: CODE 00001110 - 0000122D (0x11e bytes), align: 1
  Segment part 3.
           ENTRY                   ADDRESS         REF BY
           =====                   =======         ======
           __sinus                 00001110        sin (?sin)
               calls direct
               RSTACK = 00000000 ( 00000004 )
               CSTACK = 00000000 ( 00000010 )
    -------------------------------------------------------------------------
CODE
  Relative segment, address: CODE 0000122E - 00001231 (0x4 bytes), align: 1
  Segment part 4.             Intra module refs:   __sinus
    -------------------------------------------------------------------------
CODE
  Relative segment, address: CODE 00001232 - 00001237 (0x6 bytes), align: 1
  Segment part 5.             Intra module refs:   Segment part 4
                                                   __sinus
    -------------------------------------------------------------------------
CODE
  Relative segment, address: CODE 00001238 - 0000123F (0x8 bytes), align: 1
  Segment part 6.             Intra module refs:   __sinus
    -------------------------------------------------------------------------
CODE
  Relative segment, address: CODE 00001240 - 00001243 (0x4 bytes), align: 1
  Segment part 7.             Intra module refs:   __sinus
    -------------------------------------------------------------------------
CODE
  Relative segment, address: CODE 00001244 - 00001247 (0x4 bytes), align: 1
  Segment part 8.             Intra module refs:   Segment part 7
                                                   Segment part 9
                                                   __sinus
    -------------------------------------------------------------------------
CODE
  Relative segment, address: CODE 00001248 - 0000124F (0x8 bytes), align: 1
  Segment part 9.             Intra module refs:   __sinus
    -------------------------------------------------------------------------
CODE
  Relative segment, address: CODE 00001250 - 00001253 (0x4 bytes), align: 1
  Segment part 10.            Intra module refs:   Segment part 9
                                                   __sinus

    -------------------------------------------------------------------------
  LIBRARY MODULE, NAME : ?sqrt

  SEGMENTS IN THE MODULE
  ======================
CODE
  Relative segment, address: CODE 00001254 - 00001321 (0xce bytes), align: 1
  Segment part 3.
           ENTRY                   ADDRESS         REF BY
           =====                   =======         ======
           sqrt                    00001254        float_sqrt (test)
               calls direct
               RSTACK = 00000000 ( 00000004 )
               CSTACK = 00000000 ( 0000000E )
    -------------------------------------------------------------------------
CODE
  Relative segment, address: CODE 00001322 - 00001327 (0x6 bytes), align: 1
  Segment part 4.             Intra module refs:   sqrt
    -------------------------------------------------------------------------
CODE
  Relative segment, address: CODE 00001328 - 00001331 (0xa bytes), align: 1
  Segment part 5.             Intra module refs:   sqrt
    -------------------------------------------------------------------------
CODE
  Relative segment, address: CODE 00001332 - 0000133D (0xc bytes), align: 1
  Segment part 6.             Intra module refs:   sqrt

    *************************************************************************

  DEFINED ABSOLUTE ENTRIES
  PROGRAM MODULE, NAME : ?FILLER_BYTES

  SEGMENTS IN THE MODULE
  ======================
INTVEC
  Common segment, address: CODE 00000000 - 00000003 (0x4 bytes), align: 0
  Segment part 1.
    -------------------------------------------------------------------------
?FILL1
  Relative segment, address: CODE 00000004 - 0000008B (0x88 bytes), align: 0
  Segment part 0.




                ****************************************
                *                                      *
                *      SEGMENTS IN ADDRESS ORDER       *
                *                                      *
                ****************************************


SEGMENT              SPACE    START ADDRESS   END ADDRESS     SIZE  TYPE  ALIGN
=======              =====    =============   ===========     ====  ====  =====
INTVEC               CODE          00000000 - 00000003           4   com    1
?FILL1               CODE          00000004 - 0000008B          88   rel    0
NEAR_F               CODE          0000008C - 0000010F          84   rel    0
CODE                 CODE          00000110 - 0000133D        122E   rel    1
INITTAB              CODE          0000133E - 0000134B           E   rel    0
NEAR_ID              CODE          0000134C - 0000153C         1F1   rel    0
ABSOLUTE             DATA               0000001C                     rel    0
                     DATA               0000001D                   
                     DATA               0000001E                   
                     DATA               0000001F                   
                     DATA          0000004C - 0000004F           4 
                     DATA          00000056 - 00000056           1 
CSTACK               DATA          00000100 - 0000011F          20   dse    0
RSTACK               DATA          00000120 - 0000013F          20   dse    0
NEAR_I               DATA          00000140 - 00000330         1F1   rel    0
NEAR_Z               DATA          00000331 - 000003FA          CA   rel    0

                ****************************************
                *                                      *
                *        END OF CROSS REFERENCE        *
                *                                      *
                ****************************************

 5 301 bytes of CODE memory (+            136 range fill )
   763 bytes of DATA memory (+ 5 absolute )

Errors: none
Warnings: none

